/home/sysadmin/projects/flow-workshops-triple-gateway/.venv/lib/python3.12/site-packages/fastapi/testclient.py:1: StarletteDeprecationWarning: Using `httpx` with `starlette.testclient` is deprecated; install `httpx2` instead.
  from starlette.testclient import TestClient as TestClient  # noqa
CONCURRENT SINGLE-USE {
  "sqlite_for_update_sql": "SELECT payment_proposals.id, payment_proposals.requester_id, payment_proposals.account_id, payment_proposals.amount, payment_proposals.currency, payment_proposals.beneficiary, payment_proposals.canonical_args_hash, payment_proposals.status, payment_proposals.approver_id, payment_proposals.expires_at, payment_proposals.created_at, payment_proposals.consumed_at \nFROM payment_proposals",
  "concurrent_calls": [
    {
      "success": true,
      "response": {
        "payment_id": "pay-f6fe94bc",
        "status": "COMPLETED",
        "account_id": "acc-102",
        "amount": 150000,
        "currency": "INR",
        "beneficiary": "acc-101",
        "remaining_balance": 8350000,
        "idempotent_replay": false
      }
    },
    {
      "success": true,
      "response": {
        "payment_id": "pay-d5b7cc88",
        "status": "COMPLETED",
        "account_id": "acc-102",
        "amount": 150000,
        "currency": "INR",
        "beneficiary": "acc-101",
        "remaining_balance": 8350000,
        "idempotent_replay": false
      }
    }
  ],
  "payment_record_count": 2,
  "proposal_status": "consumed",
  "remaining_balance": 8350000
}
OPA UNKNOWN DECISION {
  "response": {
    "jsonrpc": "2.0",
    "id": 1,
    "result": {
      "isError": false,
      "content": [
        {
          "type": "text",
          "text": "{\"payment_id\":\"mock-only\",\"status\":\"COMPLETED\"}"
        }
      ]
    }
  },
  "downstream_calls": [
    "http://apisix:9080/api/v1/payments"
  ]
}
