[0;34m[INFO][0m Switching profile: 'w4' -> 'w1'...
[0;34m[INFO][0m Stopping current workshop containers (preserving named volumes)...
 Container novabank-workshops-opa-1 Stopping 
 Container novabank-workshops-temporal-1 Stopping 
 Container novabank-workshops-api-1 Stopping 
 Container novabank-workshops-worker-1 Stopping 
 Container novabank-workshops-jaeger-1 Stopping 
 Container novabank-workshops-kafka-1 Stopping 
 Container novabank-workshops-postgres-1 Stopping 
 Container novabank-workshops-adapter-1 Stopping 
 Container novabank-workshops-apisix-1 Stopping 
 Container novabank-workshops-postgres-1 Stopped 
 Container novabank-workshops-postgres-1 Removing 
 Container novabank-workshops-opa-1 Stopped 
 Container novabank-workshops-opa-1 Removing 
 Container novabank-workshops-postgres-1 Removed 
 Container novabank-workshops-jaeger-1 Stopped 
 Container novabank-workshops-jaeger-1 Removing 
 Container novabank-workshops-opa-1 Removed 
 Container novabank-workshops-jaeger-1 Removed 
 Container novabank-workshops-temporal-1 Stopped 
 Container novabank-workshops-temporal-1 Removing 
 Container novabank-workshops-temporal-1 Removed 
 Container novabank-workshops-adapter-1 Stopped 
 Container novabank-workshops-adapter-1 Removing 
 Container novabank-workshops-apisix-1 Stopped 
 Container novabank-workshops-apisix-1 Removing 
 Container novabank-workshops-adapter-1 Removed 
 Container novabank-workshops-apisix-1 Removed 
 Container novabank-workshops-kafka-1 Stopped 
 Container novabank-workshops-kafka-1 Removing 
 Container novabank-workshops-kafka-1 Removed 
 Container novabank-workshops-worker-1 Stopped 
 Container novabank-workshops-worker-1 Removing 
 Container novabank-workshops-api-1 Stopped 
 Container novabank-workshops-api-1 Removing 
 Container novabank-workshops-worker-1 Removed 
 Container novabank-workshops-api-1 Removed 
 Network novabank-edge Removing 
 Network novabank-persistence Removing 
 Network novabank-capability Removing 
 Network novabank-workflow Removing 
 Network novabank-backend Removing 
 Network novabank-edge Removed 
 Network novabank-persistence Removed 
 Network novabank-backend Removed 
 Network novabank-workflow Removed 
 Network novabank-capability Removed 
[0;34m[INFO][0m Starting workshop profile 'w1' within 6 GB operating budget...
 Network novabank-backend Creating 
 Network novabank-edge Creating 
 Network novabank-edge Creating 
 Network novabank-backend Creating 
 Network novabank-capability Creating 
 Network novabank-persistence Creating 
 Network novabank-persistence Creating 
 Network novabank-capability Creating 
 Network novabank-edge Created 
 Network novabank-edge Created 
 Network novabank-backend Created 
 Network novabank-backend Created 
 Network novabank-persistence Created 
 Network novabank-persistence Created 
 Container novabank-workshops-api-1 Creating 
 Network novabank-capability Created 
 Network novabank-capability Created 
 Container novabank-workshops-apisix-1 Creating 
 Container novabank-workshops-api-1 Created 
 Container novabank-workshops-apisix-1 Created 
 Container novabank-workshops-apisix-1 Starting 
 Container novabank-workshops-api-1 Starting 
 Container novabank-workshops-apisix-1 Started 
 Container novabank-workshops-api-1 Started 
[0;34m[INFO][0m Waiting for services to become healthy...
[0;32m[OK][0m Workshop profile 'w1' is ACTIVE and healthy on http://127.0.0.1:9080
[0;32m[OK][0m Switched to profile 'w1' successfully.
