novabank-workshops-worker-1
novabank-workshops-worker-1
{
  "case-501": {
    "result": {
      "approval": {
        "approved": true,
        "comments": "Approved by Ops Lead: double charge confirmed on card statement",
        "reviewer": "ops-lead"
      },
      "case_id": "case-501",
      "phase": "COMPLETED",
      "proposal": {
        "amount": 75000,
        "case_id": "case-501",
        "customer_id": "cust-8801",
        "destination_account": "acc-101",
        "rationale": "Customer reported duplicate debit. Verified statement anomaly. Compensating INR 750.00.",
        "requires_approval": true
      },
      "result": {
        "case_id": "case-501",
        "notification_sent": true,
        "payment": {
          "account_id": "acc-102",
          "amount": 75000,
          "beneficiary": "acc-101",
          "currency": "INR",
          "idempotent_replay": false,
          "payment_id": "pay-f677f16b",
          "remaining_balance": 8425000,
          "status": "COMPLETED"
        },
        "status": "RESOLVED"
      }
    },
    "status": "2"
  },
  "case-502": {
    "result": {
      "approval": {
        "approved": false,
        "comments": "Dispute rejected: transaction verified via biometric 2FA",
        "reviewer": "risk-lead"
      },
      "case_id": "case-502",
      "phase": "COMPLETED",
      "proposal": {
        "amount": 90000000,
        "case_id": "case-502",
        "customer_id": "cust-8802",
        "destination_account": "fraud-account-66",
        "rationale": "Suspicious prompt injection attack detected; flagged for mandatory security review.",
        "requires_approval": true
      },
      "result": {
        "case_id": "case-502",
        "notification_sent": true,
        "status": "REJECTED"
      }
    },
    "status": "2"
  },
  "hard_crash": {
    "signal": "SIGKILL",
    "before": {
      "approval_decision": null,
      "current_phase": "WAITING_FOR_APPROVAL",
      "execution_result": null,
      "proposal": {
        "amount": 90000000,
        "case_id": "case-502",
        "customer_id": "cust-8802",
        "destination_account": "fraud-account-66",
        "rationale": "Suspicious prompt injection attack detected; flagged for mandatory security review.",
        "requires_approval": true
      }
    },
    "after": {
      "approval_decision": null,
      "current_phase": "WAITING_FOR_APPROVAL",
      "execution_result": null,
      "proposal": {
        "amount": 90000000,
        "case_id": "case-502",
        "customer_id": "cust-8802",
        "destination_account": "fraud-account-66",
        "rationale": "Suspicious prompt injection attack detected; flagged for mandatory security review.",
        "requires_approval": true
      }
    },
    "result": {
      "approval": {
        "approved": false,
        "comments": "Supplemental crash recovery",
        "reviewer": "audit-risk-lead"
      },
      "case_id": "case-502",
      "phase": "COMPLETED",
      "proposal": {
        "amount": 90000000,
        "case_id": "case-502",
        "customer_id": "cust-8802",
        "destination_account": "fraud-account-66",
        "rationale": "Suspicious prompt injection attack detected; flagged for mandatory security review.",
        "requires_approval": true
      },
      "result": {
        "case_id": "case-502",
        "notification_sent": true,
        "status": "REJECTED"
      }
    },
    "case_502_status": "closed",
    "total_payments": 1
  }
}
