{
  "normal_token_exchange": [
    {
      "path": "/oauth/token",
      "encoding": "form",
      "status": 500,
      "body": {
        "raw": "Internal Server Error"
      }
    },
    {
      "path": "/oauth/token",
      "encoding": "json",
      "status": 502,
      "body": {
        "raw": "<html>\r\n<head><title>502 Bad Gateway</title></head>\r\n<body>\r\n<center><h1>502 Bad Gateway</h1></center>\r\n<hr><center>openresty</center>\r\n<p><em>Powered by <a href=\"https://apisix.apache.org/\">APISIX</a>.</em></p></body>\r\n</html>\r\n"
      }
    },
    {
      "path": "/api/v1/oauth/token",
      "encoding": "json",
      "status": 401,
      "body": {
        "detail": "Invalid subject token: Invalid audience"
      }
    }
  ],
  "viewer_scope_escalation": {
    "source_claims": {
      "iss": "https://identity.novabank.internal/realms/novabank",
      "sub": "exchange-audit-viewer",
      "role": "viewer",
      "scope": "api:accounts:read",
      "iat": 1791033496,
      "exp": 1791033556
    },
    "source_payments_list_status": 403,
    "exchange_status": 200,
    "response_without_token": {
      "issued_token_type": "urn:ietf:params:oauth:token-type:access_token",
      "token_type": "Bearer",
      "expires_in": 3600,
      "scope": "api:payments:write"
    },
    "exchanged_claims": {
      "iss": "https://identity.novabank.internal/realms/novabank",
      "sub": "exchange-audit-viewer",
      "aud": "novabank-api",
      "role": "viewer",
      "scope": "api:payments:write",
      "iat": 1791033496,
      "exp": 1791037096,
      "act": {
        "sub": "rfc8693-token-exchange"
      }
    },
    "exchanged_payments_list_status": 200
  },
  "subject_token_type_missing": {
    "status": 200,
    "body": {
      "issued_token_type": "urn:ietf:params:oauth:token-type:access_token",
      "token_type": "Bearer",
      "expires_in": 3600,
      "scope": "api:accounts:read"
    }
  },
  "subject_token_type_unsupported": {
    "status": 200,
    "body": {
      "issued_token_type": "urn:ietf:params:oauth:token-type:access_token",
      "token_type": "Bearer",
      "expires_in": 3600,
      "scope": "api:accounts:read"
    }
  },
  "a2a_survives_api_restart": {
    "backup_task_id": "task-c5feea54",
    "backup_owner": "negotiator-bot-agent",
    "status": 200,
    "body": {
      "task_id": "task-c5feea54",
      "owner_id": "negotiator-bot-agent",
      "owner_role": "agent",
      "type": "propose_payment",
      "status": "pending_approval",
      "input": {
        "case_id": "case-501",
        "amount": 50000,
        "destination_account": "acc-101",
        "currency": "INR",
        "reason": "Negotiated settlement for customer dispute"
      },
      "output": null,
      "created_at": 1791032104.155945
    }
  },
  "jaeger_services": {
    "data": [
      "novabank-api",
      "jaeger-all-in-one"
    ],
    "total": 2,
    "limit": 0,
    "offset": 0,
    "errors": null
  },
  "runtime": [
    {
      "name": "/novabank-workshops-adapter-1",
      "service": "adapter",
      "image": "novabank/adapter:1.0.0",
      "image_id": "sha256:b15d8c1675766f1e4e0a41b56c8b8bea203a951d35184c771c3b02a64d584682",
      "memory_limit": 268435456,
      "port_bindings": {},
      "networks": [
        "novabank-capability",
        "novabank-edge"
      ],
      "running": true,
      "restarts": 0
    },
    {
      "name": "/novabank-workshops-api-1",
      "service": "api",
      "image": "novabank/api:1.0.0",
      "image_id": "sha256:3bb571e179bcb3e8858548d4e1220a899cff8de361df981378fbde2472315831",
      "memory_limit": 268435456,
      "port_bindings": {},
      "networks": [
        "novabank-backend",
        "novabank-persistence"
      ],
      "running": true,
      "restarts": 0
    },
    {
      "name": "/novabank-workshops-apisix-1",
      "service": "apisix",
      "image": "apache/apisix:3.19.0-debian",
      "image_id": "sha256:9a7e45dc943fbf10ec916d1232bae4cda9302ae28a4696cfb83c2da01d261141",
      "memory_limit": 402653184,
      "port_bindings": {
        "9080/tcp": [
          {
            "HostIp": "127.0.0.1",
            "HostPort": "9080"
          }
        ]
      },
      "networks": [
        "novabank-backend",
        "novabank-capability",
        "novabank-edge"
      ],
      "running": true,
      "restarts": 0
    },
    {
      "name": "/novabank-workshops-jaeger-1",
      "service": "jaeger",
      "image": "jaegertracing/all-in-one:1.57",
      "image_id": "sha256:8f165334f418ca53691ce358c19b4244226ed35c5d18408c5acf305af2065fb9",
      "memory_limit": 268435456,
      "port_bindings": {
        "16686/tcp": [
          {
            "HostIp": "127.0.0.1",
            "HostPort": "16686"
          }
        ]
      },
      "networks": [
        "novabank-backend",
        "novabank-capability",
        "novabank-edge"
      ],
      "running": true,
      "restarts": 0
    },
    {
      "name": "/novabank-workshops-kafka-1",
      "service": "kafka",
      "image": "apache/kafka:3.7.0",
      "image_id": "sha256:41c20d65b0a2180b9deca056d47540771752e69fe9225d5748dd65a25a9675d7",
      "memory_limit": 536870912,
      "port_bindings": {
        "9092/tcp": [
          {
            "HostIp": "127.0.0.1",
            "HostPort": "9092"
          }
        ]
      },
      "networks": [
        "novabank-workflow"
      ],
      "running": true,
      "restarts": 0
    },
    {
      "name": "/novabank-workshops-opa-1",
      "service": "opa",
      "image": "openpolicyagent/opa:0.68.0-static",
      "image_id": "sha256:6a95ee2152d4006732916a8b63106a6e822827952234cc0e783d348ae1ead2cc",
      "memory_limit": 134217728,
      "port_bindings": {},
      "networks": [
        "novabank-capability"
      ],
      "running": true,
      "restarts": 0
    },
    {
      "name": "/novabank-workshops-postgres-1",
      "service": "postgres",
      "image": "postgres:16-alpine",
      "image_id": "sha256:721873c34ceb9f8d8fc265984940dc982404c105f19ad51be9fdc5970a6080ea",
      "memory_limit": 402653184,
      "port_bindings": {},
      "networks": [
        "novabank-persistence"
      ],
      "running": true,
      "restarts": 0
    },
    {
      "name": "/novabank-workshops-temporal-1",
      "service": "temporal",
      "image": "novabank/temporal:1.0.0",
      "image_id": "sha256:60ec8b46ff07a4e03e0fb6167234f6e6bd4da5c15fce066375a49348de3c0608",
      "memory_limit": 402653184,
      "port_bindings": {
        "7233/tcp": [
          {
            "HostIp": "127.0.0.1",
            "HostPort": "7233"
          }
        ]
      },
      "networks": [
        "novabank-workflow"
      ],
      "running": true,
      "restarts": 0
    },
    {
      "name": "/novabank-workshops-worker-1",
      "service": "worker",
      "image": "novabank/worker:1.0.0",
      "image_id": "sha256:b7eb0eb8f464de3aa39785a41c229fb7555b494a0b84e2e35f662fd119e7b31c",
      "memory_limit": 536870912,
      "port_bindings": {},
      "networks": [
        "novabank-capability",
        "novabank-workflow"
      ],
      "running": true,
      "restarts": 0
    }
  ],
  "aggregate_memory_caps_bytes": 3221225472,
  "worker_network": {
    "api": "gaierror: [Errno -3] Temporary failure in name resolution",
    "apisix": "connected",
    "gate3_account_status": 200
  },
  "runtime_source_checks": [
    {
      "service": "api",
      "file": "src/api/routes/oauth.py",
      "source_sha256": "3faa15ed363d2750e2cd8e1ce5741b8d4d6e40389a9db659a83ed91ff46a78ac",
      "runtime_sha256": "3faa15ed363d2750e2cd8e1ce5741b8d4d6e40389a9db659a83ed91ff46a78ac",
      "match": true
    },
    {
      "service": "api",
      "file": "src/api/routes/a2a.py",
      "source_sha256": "bd86c54b02b2e91f9f478ff42278b8f5c6fba2ba2f8be97fa018ee93010d5309",
      "runtime_sha256": "bd86c54b02b2e91f9f478ff42278b8f5c6fba2ba2f8be97fa018ee93010d5309",
      "match": true
    },
    {
      "service": "api",
      "file": "src/services/banking.py",
      "source_sha256": "80d99ac7d5aa9968f60bbc7c16db7032a8a3e5a3dabf21582694a571bb59bf08",
      "runtime_sha256": "80d99ac7d5aa9968f60bbc7c16db7032a8a3e5a3dabf21582694a571bb59bf08",
      "match": true
    },
    {
      "service": "api",
      "file": "src/services/approvals.py",
      "source_sha256": "5a085b25d1f098690c8c0e1b04e2e0e0d1d6bd5c99e66744edfe999e2d66e658",
      "runtime_sha256": "5a085b25d1f098690c8c0e1b04e2e0e0d1d6bd5c99e66744edfe999e2d66e658",
      "match": true
    },
    {
      "service": "api",
      "file": "src/core/security.py",
      "source_sha256": "37fd9306580ccb815386e244cf0623c761aff5b059ade9aafc50c48632d60aaa",
      "runtime_sha256": "37fd9306580ccb815386e244cf0623c761aff5b059ade9aafc50c48632d60aaa",
      "match": true
    },
    {
      "service": "adapter",
      "file": "src/adapter/server.py",
      "source_sha256": "937bb66204eb059ee183d1e15ef807c055d8d332d49f3a7772fcc42c07ae5927",
      "runtime_sha256": "937bb66204eb059ee183d1e15ef807c055d8d332d49f3a7772fcc42c07ae5927",
      "match": true
    },
    {
      "service": "worker",
      "file": "src/worker/kafka_consumer.py",
      "source_sha256": "62af5d5c5444b43d24410e0f184bdef324a5da83231af18492c94a742c98e314",
      "runtime_sha256": "62af5d5c5444b43d24410e0f184bdef324a5da83231af18492c94a742c98e314",
      "match": true
    },
    {
      "service": "worker",
      "file": "src/worker/activities.py",
      "source_sha256": "913a6e32e478138ba89be69990725d117d46a39b857286efdeaeac1e35f8ec7a",
      "runtime_sha256": "913a6e32e478138ba89be69990725d117d46a39b857286efdeaeac1e35f8ec7a",
      "match": true
    }
  ],
  "third_party_image_digests": [
    {
      "service": "apisix",
      "manifest_digest": "sha256:9a7e45dc943fbf10ec916d1232bae4cda9302ae28a4696cfb83c2da01d261141",
      "installed_repo_digests": [
        "apache/apisix@sha256:9a7e45dc943fbf10ec916d1232bae4cda9302ae28a4696cfb83c2da01d261141"
      ],
      "matches": true
    },
    {
      "service": "opa",
      "manifest_digest": "sha256:6a95ee2152d4006732916a8b63106a6e822827952234cc0e783d348ae1ead2cc",
      "installed_repo_digests": [
        "openpolicyagent/opa@sha256:6a95ee2152d4006732916a8b63106a6e822827952234cc0e783d348ae1ead2cc"
      ],
      "matches": true
    },
    {
      "service": "postgres",
      "manifest_digest": "sha256:721873c34ceb9f8d8fc265984940dc982404c105f19ad51be9fdc5970a6080ea",
      "installed_repo_digests": [
        "postgres@sha256:721873c34ceb9f8d8fc265984940dc982404c105f19ad51be9fdc5970a6080ea"
      ],
      "matches": true
    },
    {
      "service": "kafka",
      "manifest_digest": "sha256:41c20d65b0a2180b9deca056d47540771752e69fe9225d5748dd65a25a9675d7",
      "installed_repo_digests": [
        "apache/kafka@sha256:41c20d65b0a2180b9deca056d47540771752e69fe9225d5748dd65a25a9675d7"
      ],
      "matches": true
    },
    {
      "service": "jaeger",
      "manifest_digest": "sha256:8f165334f418ca53691ce358c19b4244226ed35c5d18408c5acf305af2065fb9",
      "installed_repo_digests": [
        "jaegertracing/all-in-one@sha256:8f165334f418ca53691ce358c19b4244226ed35c5d18408c5acf305af2065fb9"
      ],
      "matches": true
    }
  ]
}
